// Jest Snapshot v1, https://goo.gl/fbAQLP

exports[`File: App.js Function App it should take a snapshot 1`] = `
<DocumentFragment>
  <div
    class="app"
  >
    <div
      class="home webpage"
    >
      <div
        class="outerLayout"
      >
        <div
          class="header-container"
        >
          <div
            class="header-title silverBorder"
          >
            <div
              class="topNavigationBar"
            >
              <div
                class="floatLeft margin10"
              >
                HOME
              </div>
              <ul
                class="floatRight"
              >
                <li
                  class="inlineBlock btnCreate"
                >
                   
                  <a
                    class="noTextDecoration"
                    data-testid="link-home-register-id"
                    href="/auth/register"
                  >
                    Register
                  </a>
                </li>
                <li
                  class="inlineBlock btnCreate"
                >
                   
                  <a
                    class="noTextDecoration"
                    data-testid="link-home-login-id"
                    href="/auth/login"
                  >
                     Login
                  </a>
                </li>
              </ul>
            </div>
          </div>
        </div>
      </div>
    </div>
  </div>
</DocumentFragment>
`;
