// Jest Snapshot v1, https://goo.gl/fbAQLP

exports[`File: CustomerOrders.js Component CustomerOrders It should take a snapshot 1`] = `
<DocumentFragment>
   
  <div
    class="customer-orders-section"
  >
    <span>
      This is the customer Orders Section.
    </span>
    <br />
    <h3>
      Go To
    </h3>
    <div
      class="button-private-redirect-section"
    >
      <button
        data-testid="button-private-redirect-id"
        type="button"
      >
          Customer Dashboard  
      </button>
    </div>
    <br />
  </div>
    
</DocumentFragment>
`;
