// Jest Snapshot v1, https://goo.gl/fbAQLP

exports[`File: CustomerDashboard.js Component CustomerDashboard It should take a snapshot 1`] = `
<DocumentFragment>
   
  <div
    class="section-Customer-dashboard"
  >
    Customer Dashboard works ok!
    <br />
    <div
      class="button-private-redirect-section"
    >
      <button
        data-testid="button-private-redirect-id"
        type="button"
      >
          Go to Orders  
      </button>
    </div>
    <div
      class="button-private-redirect-section"
    >
      <button
        data-testid="button-private-redirect-id"
        type="button"
      >
          Go to Silver  Offers  
      </button>
    </div>
    <br />
    <a
      href="/auth/logout"
    >
      Logout
    </a>
  </div>
    
</DocumentFragment>
`;
