// Jest Snapshot v1, https://goo.gl/fbAQLP

exports[`File: Home.js Component Home It should take a snapshot 1`] = `
<DocumentFragment>
   
  <div
    class="home"
  >
    This is home Section - Public Page
    <ul>
      <li>
         
        <a
          data-testid="link-home-register-id"
          href="/auth/register"
        >
          Register
        </a>
      </li>
      <li>
         
        <a
          data-testid="link-home-login-id"
          href="/auth/login"
        >
           Login
        </a>
      </li>
    </ul>
  </div>
    
</DocumentFragment>
`;
