// Jest Snapshot v1, https://goo.gl/fbAQLP

exports[`File: Login.js Component Login It should take a snapshot 1`] = `
<DocumentFragment>
   
  <div
    class="login-section webpage"
  >
    <div
      class="outerLayout"
    >
      <div
        class="header-container"
      >
        <div
          class="header-title silverBorder"
        >
          <div
            class="topNavigationBar"
          >
            <div
              class="floatLeft margin10"
            >
              Login Section
            </div>
            <ul
              class="floatRight"
            >
              <li
                class="inlineBlock btnCreate"
              >
                 
                <a
                  class="noTextDecoration"
                  data-testid="link-login-home-id"
                  href="/"
                >
                   Home 
                </a>
                 
              </li>
              <li
                class="inlineBlock btnCreate"
              >
                 
                <a
                  class="noTextDecoration"
                  data-testid="link-login-register-id"
                  href="/auth/register"
                >
                  Register
                </a>
                 
              </li>
            </ul>
          </div>
        </div>
      </div>
    </div>
    <form
      action="/api/login"
      class="form"
      id="loginCustomerForm"
      method="post"
    >
      <input
        class="inputForm"
        name="username"
        placeholder="Username"
        type="text"
      />
      <div
        class="textLeft margin10 danger"
      >
        <span />
      </div>
      <input
        class="inputForm"
        name="password"
        placeholder="Password"
        type="password"
      />
      <div
        class="textLeft margin10 danger"
      >
        <span />
      </div>
      <button
        class="inputForm btnCreate "
        name="button"
        type="button"
        value="submit"
      >
        Login
      </button>
    </form>
    <p />
  </div>
    
</DocumentFragment>
`;
