// Jest Snapshot v1, https://goo.gl/fbAQLP

exports[`File: Logout.js Function return It should take a snapshot 1`] = `
<DocumentFragment>
   
  <div
    class="logout-section"
  >
    <p>
      You are Logged Out 
      <span>
         | 
      </span>
      <a
        href="/"
      >
        Go Home
      </a>
       
    </p>
    <br />
    <div>
       
    </div>
  </div>
    
</DocumentFragment>
`;
