// Jest Snapshot v1, https://goo.gl/fbAQLP

exports[`File: Logout.js Function return It should take a snapshot 1`] = `
<DocumentFragment>
   
  <div
    class="logout-section webpage"
  >
    <div
      class="outerLayout"
    >
      <div
        class="header-container"
      >
        <div
          class="header-title silverBorder"
        >
          <div
            class="topNavigationBar"
          >
            <div
              class="floatLeft margin10"
            >
              You are Logged Out
            </div>
            <ul
              class="floatRight"
            >
              <li
                class="inlineBlock btnCreate"
              >
                 
                <a
                  class="noTextDecoration"
                  href="/"
                >
                  Go Home
                </a>
              </li>
            </ul>
          </div>
        </div>
      </div>
    </div>
    <div />
  </div>
    
</DocumentFragment>
`;
