// Jest Snapshot v1, https://goo.gl/fbAQLP

exports[`File: Register.js Component: Register It can take a snapshot 1`] = `
<DocumentFragment>
   
  <div
    class="register-section webpage"
  >
    <div
      class="outerLayout"
    >
      <div
        class="header-container"
      >
        <div
          class="header-title silverBorder"
        >
          <div
            class="topNavigationBar"
          >
            <div
              class="floatLeft margin10"
            >
              Registration Section
            </div>
            <ul
              class="floatRight"
            >
              <li
                class="inlineBlock btnCreate"
              >
                 
                <a
                  class="noTextDecoration"
                  data-testid="link-register-home-id"
                  href="/"
                >
                   Home 
                </a>
                 
              </li>
              <li
                class="inlineBlock btnCreate"
              >
                 
                <a
                  class="noTextDecoration"
                  data-testid="link-register-login-id"
                  href="/auth/login"
                >
                   Login 
                </a>
                 
              </li>
            </ul>
          </div>
        </div>
      </div>
    </div>
    <form
      action="/api/register"
      class="form"
      id="registerCustomerForm"
      method="post"
    >
      <input
        class="inputForm"
        name="firstName"
        placeholder="First Name"
        type="text"
      />
      <div
        class="textLeft margin10 danger"
      >
        <span />
      </div>
      <input
        class="inputForm"
        name="lastName"
        placeholder="Last Name"
        type="text"
      />
      <div
        class="textLeft margin10 danger"
      >
        <span />
      </div>
      <input
        class="inputForm"
        name="username"
        placeholder="Username"
        type="text"
      />
      <div
        class="textLeft margin10 danger"
      >
        <span />
      </div>
      <input
        class="inputForm"
        name="enail"
        placeholder="Email"
        type="email"
      />
      <div
        class="textLeft margin10 danger"
      >
        <span />
      </div>
      <input
        class="inputForm"
        name="password"
        placeholder="Password"
        type="password"
      />
      <div
        class="textLeft margin10 danger"
      >
        <span />
      </div>
      <input
        class="inputForm"
        name="confirmPassword"
        placeholder="Password"
        type="password"
      />
      <div
        class="textLeft margin10 danger"
      >
        <span />
      </div>
      <button
        class="inputForm btnCreate "
        data-testid="register-customer-form-id"
        name="button"
        type="button"
        value="Register"
      >
        Register
      </button>
    </form>
    <p />
  </div>
   
</DocumentFragment>
`;
