// Jest Snapshot v1, https://goo.gl/fbAQLP

exports[`File: Register.js Component: Register It can take a snapshot 1`] = `
<DocumentFragment>
   
  <div
    class="register-container"
  >
    <h3>
      Register
    </h3>
    <span>
      <a
        data-testid="link-register-home-id"
        href="/"
      >
         Home 
      </a>
    </span>
    <br />
    <span>
      <a
        data-testid="link-register-login-id"
        href="/auth/login"
      >
         Login 
      </a>
    </span>
    <br />
    <fieldset>
      <form
        action="/api/register"
        class="form"
        id="registerCustomerForm"
        method="post"
      >
        <input
          class="row"
          name="firstName"
          placeholder="Insert your first Name"
          type="text"
        />
        <div
          class="text-left"
        >
          <span />
        </div>
        <input
          class="row"
          name="lastName"
          placeholder="Insert your last Name"
          type="text"
        />
        <div
          class="text-left"
        >
          <span />
        </div>
        <input
          class="row"
          name="username"
          placeholder="Insert your username"
          type="text"
        />
        <div
          class="text-left"
        >
          <span />
        </div>
        <input
          class="row"
          name="enail"
          placeholder="Insert your email"
          type="email"
        />
        <div
          class="text-left"
        >
          <span />
        </div>
        <input
          class="row"
          name="password"
          placeholder="insert your password"
          type="password"
        />
        <div
          class="text-left"
        >
          <span />
        </div>
        <input
          class="row"
          name="confirmPassword"
          placeholder="Confirm your password"
          type="password"
        />
        <div
          class="text-left"
        >
          <span />
        </div>
        <button
          class="row"
          data-testid="register-customer-form-id"
          name="button"
          type="button"
          value="submit"
        >
          Submit
        </button>
      </form>
    </fieldset>
    <p />
  </div>
   
</DocumentFragment>
`;
